// Jest Snapshot v1, https://goo.gl/fbAQLP

exports[`NuvMenu snapshots 1`] = `
{
  "asFragment": [Function],
  "baseElement": <body>
    <div>
      <div
        class="NuvMenu"
      >
        <div>
          <div
            class="NuvMenu__user_wrapp"
          >
            <img
              alt="user"
              src="user.jpg"
            />
            <div>
              <img
                alt="gear"
                src="gear.svg"
              />
            </div>
          </div>
          <ul>
            <li>
              <a
                href="/"
              >
                ПРИХОД
              </a>
            </li>
            <li>
              <a
                href="/Group"
              >
                ГРУППЫ
              </a>
            </li>
            <li>
              <a
                href="#"
              >
                ПРОДУКТЫ
              </a>
            </li>
            <li>
              <a
                href="#"
              >
                ПОЛЬЗОВАТЕЛИ
              </a>
            </li>
            <li>
              <a
                href="#"
              >
                НАСТРОЙКИ
              </a>
            </li>
          </ul>
          <img
            alt="arrow"
            class="NuvMenu__arrow_btn"
            src="arrow.png"
          />
        </div>
      </div>
    </div>
  </body>,
  "container": <div>
    <div
      class="NuvMenu"
    >
      <div>
        <div
          class="NuvMenu__user_wrapp"
        >
          <img
            alt="user"
            src="user.jpg"
          />
          <div>
            <img
              alt="gear"
              src="gear.svg"
            />
          </div>
        </div>
        <ul>
          <li>
            <a
              href="/"
            >
              ПРИХОД
            </a>
          </li>
          <li>
            <a
              href="/Group"
            >
              ГРУППЫ
            </a>
          </li>
          <li>
            <a
              href="#"
            >
              ПРОДУКТЫ
            </a>
          </li>
          <li>
            <a
              href="#"
            >
              ПОЛЬЗОВАТЕЛИ
            </a>
          </li>
          <li>
            <a
              href="#"
            >
              НАСТРОЙКИ
            </a>
          </li>
        </ul>
        <img
          alt="arrow"
          class="NuvMenu__arrow_btn"
          src="arrow.png"
        />
      </div>
    </div>
  </div>,
  "debug": [Function],
  "findAllByAltText": [Function],
  "findAllByDisplayValue": [Function],
  "findAllByLabelText": [Function],
  "findAllByPlaceholderText": [Function],
  "findAllByRole": [Function],
  "findAllByTestId": [Function],
  "findAllByText": [Function],
  "findAllByTitle": [Function],
  "findByAltText": [Function],
  "findByDisplayValue": [Function],
  "findByLabelText": [Function],
  "findByPlaceholderText": [Function],
  "findByRole": [Function],
  "findByTestId": [Function],
  "findByText": [Function],
  "findByTitle": [Function],
  "getAllByAltText": [Function],
  "getAllByDisplayValue": [Function],
  "getAllByLabelText": [Function],
  "getAllByPlaceholderText": [Function],
  "getAllByRole": [Function],
  "getAllByTestId": [Function],
  "getAllByText": [Function],
  "getAllByTitle": [Function],
  "getByAltText": [Function],
  "getByDisplayValue": [Function],
  "getByLabelText": [Function],
  "getByPlaceholderText": [Function],
  "getByRole": [Function],
  "getByTestId": [Function],
  "getByText": [Function],
  "getByTitle": [Function],
  "queryAllByAltText": [Function],
  "queryAllByDisplayValue": [Function],
  "queryAllByLabelText": [Function],
  "queryAllByPlaceholderText": [Function],
  "queryAllByRole": [Function],
  "queryAllByTestId": [Function],
  "queryAllByText": [Function],
  "queryAllByTitle": [Function],
  "queryByAltText": [Function],
  "queryByDisplayValue": [Function],
  "queryByLabelText": [Function],
  "queryByPlaceholderText": [Function],
  "queryByRole": [Function],
  "queryByTestId": [Function],
  "queryByText": [Function],
  "queryByTitle": [Function],
  "rerender": [Function],
  "unmount": [Function],
}
`;
