// Jest Snapshot v1, https://goo.gl/fbAQLP

exports[`Order snapshots 1`] = `
{
  "asFragment": [Function],
  "baseElement": <body>
    <div>
      <li
        class="Order"
      >
        <div>
          <h4>
            Order1
          </h4>
        </div>
        <div>
          <a
            href="/2"
          >
            <img
              alt="show more"
              class="Order__burgeBtn"
              src="burgeBtn.png"
            />
          </a>
          <div
            class="Order__product"
          >
            <div>
              0
            </div>
            <p>
              Продукта
            </p>
          </div>
          <div
            class="Order__date"
          >
            <div>
              11/03
            </div>
            <p>
              11/март/2017
            </p>
          </div>
          <div
            class="Order__prices"
          >
            <div>
              0
               $
            </div>
            <p>
              0
               UAH
            </p>
          </div>
          <img
            alt="Delete"
            class="Order__delete_btn"
            src="trashCan.png"
          />
        </div>
        <dialog
          class="Order__removePopup"
        >
          <div>
            <header>
              <h5>
                Вы уверены, что хотите удалить этот приход?
              </h5>
            </header>
            <main>
              <h6>
                Order1
              </h6>
            </main>
            <footer>
              <button>
                ОТМЕНИТЬ
              </button>
              <button>
                УДАЛИТЬ
              </button>
            </footer>
            <img
              alt="closeBtn"
              class="Order__removePopup__closeBtn"
              src="closeBtn.webp"
            />
          </div>
        </dialog>
      </li>
    </div>
  </body>,
  "container": <div>
    <li
      class="Order"
    >
      <div>
        <h4>
          Order1
        </h4>
      </div>
      <div>
        <a
          href="/2"
        >
          <img
            alt="show more"
            class="Order__burgeBtn"
            src="burgeBtn.png"
          />
        </a>
        <div
          class="Order__product"
        >
          <div>
            0
          </div>
          <p>
            Продукта
          </p>
        </div>
        <div
          class="Order__date"
        >
          <div>
            11/03
          </div>
          <p>
            11/март/2017
          </p>
        </div>
        <div
          class="Order__prices"
        >
          <div>
            0
             $
          </div>
          <p>
            0
             UAH
          </p>
        </div>
        <img
          alt="Delete"
          class="Order__delete_btn"
          src="trashCan.png"
        />
      </div>
      <dialog
        class="Order__removePopup"
      >
        <div>
          <header>
            <h5>
              Вы уверены, что хотите удалить этот приход?
            </h5>
          </header>
          <main>
            <h6>
              Order1
            </h6>
          </main>
          <footer>
            <button>
              ОТМЕНИТЬ
            </button>
            <button>
              УДАЛИТЬ
            </button>
          </footer>
          <img
            alt="closeBtn"
            class="Order__removePopup__closeBtn"
            src="closeBtn.webp"
          />
        </div>
      </dialog>
    </li>
  </div>,
  "debug": [Function],
  "findAllByAltText": [Function],
  "findAllByDisplayValue": [Function],
  "findAllByLabelText": [Function],
  "findAllByPlaceholderText": [Function],
  "findAllByRole": [Function],
  "findAllByTestId": [Function],
  "findAllByText": [Function],
  "findAllByTitle": [Function],
  "findByAltText": [Function],
  "findByDisplayValue": [Function],
  "findByLabelText": [Function],
  "findByPlaceholderText": [Function],
  "findByRole": [Function],
  "findByTestId": [Function],
  "findByText": [Function],
  "findByTitle": [Function],
  "getAllByAltText": [Function],
  "getAllByDisplayValue": [Function],
  "getAllByLabelText": [Function],
  "getAllByPlaceholderText": [Function],
  "getAllByRole": [Function],
  "getAllByTestId": [Function],
  "getAllByText": [Function],
  "getAllByTitle": [Function],
  "getByAltText": [Function],
  "getByDisplayValue": [Function],
  "getByLabelText": [Function],
  "getByPlaceholderText": [Function],
  "getByRole": [Function],
  "getByTestId": [Function],
  "getByText": [Function],
  "getByTitle": [Function],
  "queryAllByAltText": [Function],
  "queryAllByDisplayValue": [Function],
  "queryAllByLabelText": [Function],
  "queryAllByPlaceholderText": [Function],
  "queryAllByRole": [Function],
  "queryAllByTestId": [Function],
  "queryAllByText": [Function],
  "queryAllByTitle": [Function],
  "queryByAltText": [Function],
  "queryByDisplayValue": [Function],
  "queryByLabelText": [Function],
  "queryByPlaceholderText": [Function],
  "queryByRole": [Function],
  "queryByTestId": [Function],
  "queryByText": [Function],
  "queryByTitle": [Function],
  "rerender": [Function],
  "unmount": [Function],
}
`;
